// Jest Snapshot v1, https://goo.gl/fbAQLP

exports[`<IconButton/> render should match snapshot 1`] = `
<Button
  ariaControls={null}
  ariaExpanded={null}
  ariaHasPopup={null}
  ariaLabel={null}
  buttonClass="btn-clear"
  dataTarget={null}
  dataToggle={null}
  handleClick={[MockFunction]}
  id={null}
>
  MY LIST
  <Icon
    ariaHidden={null}
    handleClick={[Function]}
    icon="fa-plus"
    id={null}
  />
</Button>
`;
