// Jest Snapshot v1, https://goo.gl/fbAQLP

exports[`<ToggleIconButton/> render should match snapshot 1`] = `
<IconButton
  buttonProps={
    Object {
      "handleClick": [Function],
    }
  }
  iconProps={
    Object {
      "icon": "fa-volume-off",
    }
  }
  text={null}
  textPlacement="right"
/>
`;
